{
  "version": "1.5.0",
  "plugins_used": [
    {
      "name": "ArtifactoryDetector"
    },
    {
      "name": "AWSKeyDetector"
    },
    {
      "name": "AzureStorageKeyDetector"
    },
    {
      "name": "Base64HighEntropyString",
      "limit": 4.5
    },
    {
      "name": "BasicAuthDetector"
    },
    {
      "name": "CloudantDetector"
    },
    {
      "name": "DiscordBotTokenDetector"
    },
    {
      "name": "GitHubTokenDetector"
    },
    {
      "name": "GitLabTokenDetector"
    },
    {
      "name": "HexHighEntropyString",
      "limit": 3.0
    },
    {
      "name": "IbmCloudIamDetector"
    },
    {
      "name": "IbmCosHmacDetector"
    },
    {
      "name": "IPPublicDetector"
    },
    {
      "name": "JwtTokenDetector"
    },
    {
      "name": "KeywordDetector",
      "keyword_exclude": ""
    },
    {
      "name": "MailchimpDetector"
    },
    {
      "name": "NpmDetector"
    },
    {
      "name": "OpenAIDetector"
    },
    {
      "name": "PrivateKeyDetector"
    },
    {
      "name": "PypiTokenDetector"
    },
    {
      "name": "SendGridDetector"
    },
    {
      "name": "SlackDetector"
    },
    {
      "name": "SoftlayerDetector"
    },
    {
      "name": "SquareOAuthDetector"
    },
    {
      "name": "StripeDetector"
    },
    {
      "name": "TelegramBotTokenDetector"
    },
    {
      "name": "TwilioKeyDetector"
    }
  ],
  "filters_used": [
    {
      "path": "detect_secrets.filters.allowlist.is_line_allowlisted"
    },
    {
      "path": "detect_secrets.filters.common.is_baseline_file",
      "filename": ".secrets.baseline"
    },
    {
      "path": "detect_secrets.filters.common.is_ignored_due_to_verification_policies",
      "min_level": 2
    },
    {
      "path": "detect_secrets.filters.heuristic.is_indirect_reference"
    },
    {
      "path": "detect_secrets.filters.heuristic.is_likely_id_string"
    },
    {
      "path": "detect_secrets.filters.heuristic.is_lock_file"
    },
    {
      "path": "detect_secrets.filters.heuristic.is_not_alphanumeric_string"
    },
    {
      "path": "detect_secrets.filters.heuristic.is_potential_uuid"
    },
    {
      "path": "detect_secrets.filters.heuristic.is_prefixed_with_dollar_sign"
    },
    {
      "path": "detect_secrets.filters.heuristic.is_sequential_string"
    },
    {
      "path": "detect_secrets.filters.heuristic.is_swagger_file"
    },
    {
      "path": "detect_secrets.filters.heuristic.is_templated_secret"
    }
  ],
  "results": {
    "README.md": [
      {
        "type": "Secret Keyword",
        "filename": "README.md",
        "hashed_secret": "ec3810e10fb78db55ce38b9c18d1c3eb1db739e0",
        "is_verified": false,
        "line_number": 267
      },
      {
        "type": "Secret Keyword",
        "filename": "README.md",
        "hashed_secret": "c7a8c334eef5d1749fface7d42c66f9ae5e8cf36",
        "is_verified": false,
        "line_number": 268
      },
      {
        "type": "Secret Keyword",
        "filename": "README.md",
        "hashed_secret": "709cb3397618155abdb90666b163355546be6a47",
        "is_verified": false,
        "line_number": 270
      }
    ],
    "README.pt-BR.md": [
      {
        "type": "Secret Keyword",
        "filename": "README.pt-BR.md",
        "hashed_secret": "ec3810e10fb78db55ce38b9c18d1c3eb1db739e0",
        "is_verified": false,
        "line_number": 267
      },
      {
        "type": "Secret Keyword",
        "filename": "README.pt-BR.md",
        "hashed_secret": "c7a8c334eef5d1749fface7d42c66f9ae5e8cf36",
        "is_verified": false,
        "line_number": 268
      },
      {
        "type": "Secret Keyword",
        "filename": "README.pt-BR.md",
        "hashed_secret": "709cb3397618155abdb90666b163355546be6a47",
        "is_verified": false,
        "line_number": 270
      }
    ],
    "gobe.go": [
      {
        "type": "Secret Keyword",
        "filename": "gobe.go",
        "hashed_secret": "44e17306b837162269a410204daaa5ecee4ec22c",
        "is_verified": false,
        "line_number": 135
      }
    ],
    "internal/app/controllers/gateway/advise.go": [
      {
        "type": "Secret Keyword",
        "filename": "internal/app/controllers/gateway/advise.go",
        "hashed_secret": "3aa31fff74d8d2f8c93833ece0d4fed675262a6a",
        "is_verified": false,
        "line_number": 233
      }
    ],
    "internal/app/controllers/gateway/chat.go": [
      {
        "type": "Secret Keyword",
        "filename": "internal/app/controllers/gateway/chat.go",
        "hashed_secret": "3aa31fff74d8d2f8c93833ece0d4fed675262a6a",
        "is_verified": false,
        "line_number": 78
      }
    ],
    "internal/app/middlewares/rate_limit.go": [
      {
        "type": "Secret Keyword",
        "filename": "internal/app/middlewares/rate_limit.go",
        "hashed_secret": "3e1d51422820fa73af4b6f2049de92653c13979a",
        "is_verified": false,
        "line_number": 107
      },
      {
        "type": "Secret Keyword",
        "filename": "internal/app/middlewares/rate_limit.go",
        "hashed_secret": "8c6ae142dcaf7a80bda8e0fe217f1156a4842ca8",
        "is_verified": false,
        "line_number": 118
      }
    ],
    "internal/app/security/authentication/token_service.go": [
      {
        "type": "Secret Keyword",
        "filename": "internal/app/security/authentication/token_service.go",
        "hashed_secret": "44e17306b837162269a410204daaa5ecee4ec22c",
        "is_verified": false,
        "line_number": 72
      },
      {
        "type": "Secret Keyword",
        "filename": "internal/app/security/authentication/token_service.go",
        "hashed_secret": "1635331db249690e468074b648d52784f0f47280",
        "is_verified": false,
        "line_number": 76
      }
    ],
    "internal/app/security/certificates/cert_service.go": [
      {
        "type": "Secret Keyword",
        "filename": "internal/app/security/certificates/cert_service.go",
        "hashed_secret": "44e17306b837162269a410204daaa5ecee4ec22c",
        "is_verified": false,
        "line_number": 67
      }
    ],
    "internal/contracts/types/config.go": [
      {
        "type": "Secret Keyword",
        "filename": "internal/contracts/types/config.go",
        "hashed_secret": "44e17306b837162269a410204daaa5ecee4ec22c",
        "is_verified": false,
        "line_number": 256
      },
      {
        "type": "Secret Keyword",
        "filename": "internal/contracts/types/config.go",
        "hashed_secret": "37e41dc740d25fd473b6cbf11d19826d6d104856",
        "is_verified": false,
        "line_number": 266
      },
      {
        "type": "Secret Keyword",
        "filename": "internal/contracts/types/config.go",
        "hashed_secret": "ca5d9663b8b51951d03d5a526005dc5edd542572",
        "is_verified": false,
        "line_number": 278
      },
      {
        "type": "Secret Keyword",
        "filename": "internal/contracts/types/config.go",
        "hashed_secret": "a1d62654bd5e1c32145e2f15190666119741e81f",
        "is_verified": false,
        "line_number": 279
      }
    ],
    "internal/services/llm/client.go": [
      {
        "type": "Secret Keyword",
        "filename": "internal/services/llm/client.go",
        "hashed_secret": "eab415ce3d3cae0e076383d0065cca3af3f61577",
        "is_verified": false,
        "line_number": 63
      },
      {
        "type": "Secret Keyword",
        "filename": "internal/services/llm/client.go",
        "hashed_secret": "d553cdfd5f299d08ed029525416ab645808fb95b",
        "is_verified": false,
        "line_number": 74
      },
      {
        "type": "Secret Keyword",
        "filename": "internal/services/llm/client.go",
        "hashed_secret": "c666706ea65fecbd19eac29da0c79153c51d1e31",
        "is_verified": false,
        "line_number": 78
      },
      {
        "type": "Secret Keyword",
        "filename": "internal/services/llm/client.go",
        "hashed_secret": "f782b6ec6b8f6f8fe40ee036b10ea699aef5840f",
        "is_verified": false,
        "line_number": 82
      },
      {
        "type": "Secret Keyword",
        "filename": "internal/services/llm/client.go",
        "hashed_secret": "6eb7b01618d566e6de11a8cebc672fc1de0cef1d",
        "is_verified": false,
        "line_number": 111
      }
    ],
    "internal/sockets/messagery/rabbitmq.go": [
      {
        "type": "Secret Keyword",
        "filename": "internal/sockets/messagery/rabbitmq.go",
        "hashed_secret": "1c92407f0f1eaba5d70ef34537a7b40e23776dfd",
        "is_verified": false,
        "line_number": 354
      },
      {
        "type": "Basic Auth Credentials",
        "filename": "internal/sockets/messagery/rabbitmq.go",
        "hashed_secret": "347cd9c53ff77d41a7b22aa56c7b4efaf54658e3",
        "is_verified": false,
        "line_number": 366
      }
    ]
  },
  "generated_at": "2025-10-02T03:41:57Z"
}
