{
  "version": "1.5.0",
  "plugins_used": [
    {
      "name": "ArtifactoryDetector"
    },
    {
      "name": "AWSKeyDetector"
    },
    {
      "name": "AzureStorageKeyDetector"
    },
    {
      "name": "Base64HighEntropyString",
      "limit": 4.5
    },
    {
      "name": "BasicAuthDetector"
    },
    {
      "name": "CloudantDetector"
    },
    {
      "name": "DiscordBotTokenDetector"
    },
    {
      "name": "GitHubTokenDetector"
    },
    {
      "name": "GitLabTokenDetector"
    },
    {
      "name": "HexHighEntropyString",
      "limit": 3.0
    },
    {
      "name": "IbmCloudIamDetector"
    },
    {
      "name": "IbmCosHmacDetector"
    },
    {
      "name": "IPPublicDetector"
    },
    {
      "name": "JwtTokenDetector"
    },
    {
      "name": "KeywordDetector",
      "keyword_exclude": ""
    },
    {
      "name": "MailchimpDetector"
    },
    {
      "name": "NpmDetector"
    },
    {
      "name": "OpenAIDetector"
    },
    {
      "name": "PrivateKeyDetector"
    },
    {
      "name": "PypiTokenDetector"
    },
    {
      "name": "SendGridDetector"
    },
    {
      "name": "SlackDetector"
    },
    {
      "name": "SoftlayerDetector"
    },
    {
      "name": "SquareOAuthDetector"
    },
    {
      "name": "StripeDetector"
    },
    {
      "name": "TelegramBotTokenDetector"
    },
    {
      "name": "TwilioKeyDetector"
    }
  ],
  "filters_used": [
    {
      "path": "detect_secrets.filters.allowlist.is_line_allowlisted"
    },
    {
      "path": "detect_secrets.filters.common.is_baseline_file",
      "filename": ".secrets.baseline"
    },
    {
      "path": "detect_secrets.filters.common.is_ignored_due_to_verification_policies",
      "min_level": 2
    },
    {
      "path": "detect_secrets.filters.heuristic.is_indirect_reference"
    },
    {
      "path": "detect_secrets.filters.heuristic.is_likely_id_string"
    },
    {
      "path": "detect_secrets.filters.heuristic.is_lock_file"
    },
    {
      "path": "detect_secrets.filters.heuristic.is_not_alphanumeric_string"
    },
    {
      "path": "detect_secrets.filters.heuristic.is_potential_uuid"
    },
    {
      "path": "detect_secrets.filters.heuristic.is_prefixed_with_dollar_sign"
    },
    {
      "path": "detect_secrets.filters.heuristic.is_sequential_string"
    },
    {
      "path": "detect_secrets.filters.heuristic.is_swagger_file"
    },
    {
      "path": "detect_secrets.filters.heuristic.is_templated_secret"
    }
  ],
  "results": {
    "CLAUDE.md": [
      {
        "type": "Secret Keyword",
        "filename": "CLAUDE.md",
        "hashed_secret": "1ccebc9638f47c80fc388173e346b2fa51178cca",
        "is_verified": false,
        "line_number": 240,
        "is_secret": true
      }
    ],
    "README.md": [
      {
        "type": "Secret Keyword",
        "filename": "README.md",
        "hashed_secret": "ec3810e10fb78db55ce38b9c18d1c3eb1db739e0",
        "is_verified": false,
        "line_number": 286,
        "is_secret": false
      },
      {
        "type": "Secret Keyword",
        "filename": "README.md",
        "hashed_secret": "c7a8c334eef5d1749fface7d42c66f9ae5e8cf36",
        "is_verified": false,
        "line_number": 287,
        "is_secret": false
      },
      {
        "type": "Secret Keyword",
        "filename": "README.md",
        "hashed_secret": "709cb3397618155abdb90666b163355546be6a47",
        "is_verified": false,
        "line_number": 289,
        "is_secret": false
      }
    ],
    "README.pt-BR.md": [
      {
        "type": "Secret Keyword",
        "filename": "README.pt-BR.md",
        "hashed_secret": "ec3810e10fb78db55ce38b9c18d1c3eb1db739e0",
        "is_verified": false,
        "line_number": 271,
        "is_secret": false
      },
      {
        "type": "Secret Keyword",
        "filename": "README.pt-BR.md",
        "hashed_secret": "c7a8c334eef5d1749fface7d42c66f9ae5e8cf36",
        "is_verified": false,
        "line_number": 272,
        "is_secret": false
      },
      {
        "type": "Secret Keyword",
        "filename": "README.pt-BR.md",
        "hashed_secret": "709cb3397618155abdb90666b163355546be6a47",
        "is_verified": false,
        "line_number": 274,
        "is_secret": false
      }
    ],
    "docs/DISCORD_ACTIVITY_SETUP.md": [
      {
        "type": "Secret Keyword",
        "filename": "docs/DISCORD_ACTIVITY_SETUP.md",
        "hashed_secret": "3fad83729ed439b5b1a26ac7d80b9173b76ecf3b",
        "is_verified": false,
        "line_number": 105,
        "is_secret": false
      },
      {
        "type": "Secret Keyword",
        "filename": "docs/DISCORD_ACTIVITY_SETUP.md",
        "hashed_secret": "e253f51d9187e749e64d87129b6f511041a127d8",
        "is_verified": false,
        "line_number": 114,
        "is_secret": false
      },
      {
        "type": "Secret Keyword",
        "filename": "docs/DISCORD_ACTIVITY_SETUP.md",
        "hashed_secret": "1a2fc3034e4c155463286194048df25e99a94929",
        "is_verified": false,
        "line_number": 136,
        "is_secret": false
      },
      {
        "type": "Secret Keyword",
        "filename": "docs/DISCORD_ACTIVITY_SETUP.md",
        "hashed_secret": "caa590000523de9ab22d26e92797f0458ddbec2c",
        "is_verified": false,
        "line_number": 139,
        "is_secret": false
      }
    ],
    "docs/MCP_INTEGRATION.md": [
      {
        "type": "Secret Keyword",
        "filename": "docs/MCP_INTEGRATION.md",
        "hashed_secret": "32fd96181917755382f1a21cf0c902a37f7898ad",
        "is_verified": false,
        "line_number": 135,
        "is_secret": false
      },
      {
        "type": "Secret Keyword",
        "filename": "docs/MCP_INTEGRATION.md",
        "hashed_secret": "aeb65db73cf629a6c519b7c6577fb01e18f41782",
        "is_verified": false,
        "line_number": 176,
        "is_secret": false
      },
      {
        "type": "Secret Keyword",
        "filename": "docs/MCP_INTEGRATION.md",
        "hashed_secret": "1a364da6047d14c6deb3bd52e8cbfe25b344214a",
        "is_verified": false,
        "line_number": 282,
        "is_secret": false
      },
      {
        "type": "Secret Keyword",
        "filename": "docs/MCP_INTEGRATION.md",
        "hashed_secret": "d2aed6fe1b9fb7f48da133fbae832118dc50d36f",
        "is_verified": false,
        "line_number": 303,
        "is_secret": false
      },
      {
        "type": "Secret Keyword",
        "filename": "docs/MCP_INTEGRATION.md",
        "hashed_secret": "c039cd2912d773df5af39930a3c0c714d329a5ba",
        "is_verified": false,
        "line_number": 496,
        "is_secret": false
      }
    ],
    "frontend/src/locales/en-US/common.json": [
      {
        "type": "Secret Keyword",
        "filename": "frontend/src/locales/en-US/common.json",
        "hashed_secret": "8be3c943b1609fffbfc51aad666d0a04adf83c9d",
        "is_verified": false,
        "line_number": 102,
        "is_secret": false
      },
      {
        "type": "Secret Keyword",
        "filename": "frontend/src/locales/en-US/common.json",
        "hashed_secret": "2c4e1babc2d1448dfcfdd24fb92068644227d6f1",
        "is_verified": false,
        "line_number": 105,
        "is_secret": false
      }
    ],
    "frontend/src/locales/pt-BR/common.json": [
      {
        "type": "Secret Keyword",
        "filename": "frontend/src/locales/pt-BR/common.json",
        "hashed_secret": "deba0172511d5701d964202f4e5de698d5e07c67",
        "is_verified": false,
        "line_number": 102,
        "is_secret": false
      },
      {
        "type": "Secret Keyword",
        "filename": "frontend/src/locales/pt-BR/common.json",
        "hashed_secret": "2c4e1babc2d1448dfcfdd24fb92068644227d6f1",
        "is_verified": false,
        "line_number": 105,
        "is_secret": false
      }
    ],
    "gobe.go": [
      {
        "type": "Secret Keyword",
        "filename": "gobe.go",
        "hashed_secret": "44e17306b837162269a410204daaa5ecee4ec22c",
        "is_verified": false,
        "line_number": 153,
        "is_secret": false
      }
    ],
    "internal/app/controllers/gateway/advise.go": [
      {
        "type": "Secret Keyword",
        "filename": "internal/app/controllers/gateway/advise.go",
        "hashed_secret": "3aa31fff74d8d2f8c93833ece0d4fed675262a6a",
        "is_verified": false,
        "line_number": 233,
        "is_secret": false
      }
    ],
    "internal/app/controllers/gateway/chat.go": [
      {
        "type": "Secret Keyword",
        "filename": "internal/app/controllers/gateway/chat.go",
        "hashed_secret": "3aa31fff74d8d2f8c93833ece0d4fed675262a6a",
        "is_verified": false,
        "line_number": 78,
        "is_secret": false
      }
    ],
    "internal/app/middlewares/rate_limit.go": [
      {
        "type": "Secret Keyword",
        "filename": "internal/app/middlewares/rate_limit.go",
        "hashed_secret": "3e1d51422820fa73af4b6f2049de92653c13979a",
        "is_verified": false,
        "line_number": 107,
        "is_secret": false
      },
      {
        "type": "Secret Keyword",
        "filename": "internal/app/middlewares/rate_limit.go",
        "hashed_secret": "8c6ae142dcaf7a80bda8e0fe217f1156a4842ca8",
        "is_verified": false,
        "line_number": 118,
        "is_secret": false
      }
    ],
    "internal/app/security/certificates/cert_service.go": [
      {
        "type": "Secret Keyword",
        "filename": "internal/app/security/certificates/cert_service.go",
        "hashed_secret": "44e17306b837162269a410204daaa5ecee4ec22c",
        "is_verified": false,
        "line_number": 67,
        "is_secret": false
      }
    ],
    "internal/app/web/embedded/guiweb/assets/main-Cg2vMsfU.js": [
      {
        "type": "Secret Keyword",
        "filename": "internal/app/web/embedded/guiweb/assets/main-Cg2vMsfU.js",
        "hashed_secret": "8be3c943b1609fffbfc51aad666d0a04adf83c9d",
        "is_verified": false,
        "line_number": 25,
        "is_secret": false
      }
    ],
    "internal/contracts/types/config.go": [
      {
        "type": "Secret Keyword",
        "filename": "internal/contracts/types/config.go",
        "hashed_secret": "44e17306b837162269a410204daaa5ecee4ec22c",
        "is_verified": false,
        "line_number": 256,
        "is_secret": false
      },
      {
        "type": "Secret Keyword",
        "filename": "internal/contracts/types/config.go",
        "hashed_secret": "37e41dc740d25fd473b6cbf11d19826d6d104856",
        "is_verified": false,
        "line_number": 266,
        "is_secret": false
      },
      {
        "type": "Secret Keyword",
        "filename": "internal/contracts/types/config.go",
        "hashed_secret": "ca5d9663b8b51951d03d5a526005dc5edd542572",
        "is_verified": false,
        "line_number": 278,
        "is_secret": false
      },
      {
        "type": "Secret Keyword",
        "filename": "internal/contracts/types/config.go",
        "hashed_secret": "a1d62654bd5e1c32145e2f15190666119741e81f",
        "is_verified": false,
        "line_number": 279,
        "is_secret": false
      }
    ],
    "internal/services/llm/client.go": [
      {
        "type": "Secret Keyword",
        "filename": "internal/services/llm/client.go",
        "hashed_secret": "eab415ce3d3cae0e076383d0065cca3af3f61577",
        "is_verified": false,
        "line_number": 63,
        "is_secret": false
      },
      {
        "type": "Secret Keyword",
        "filename": "internal/services/llm/client.go",
        "hashed_secret": "d553cdfd5f299d08ed029525416ab645808fb95b",
        "is_verified": false,
        "line_number": 74,
        "is_secret": false
      },
      {
        "type": "Secret Keyword",
        "filename": "internal/services/llm/client.go",
        "hashed_secret": "c666706ea65fecbd19eac29da0c79153c51d1e31",
        "is_verified": false,
        "line_number": 78,
        "is_secret": false
      },
      {
        "type": "Secret Keyword",
        "filename": "internal/services/llm/client.go",
        "hashed_secret": "f782b6ec6b8f6f8fe40ee036b10ea699aef5840f",
        "is_verified": false,
        "line_number": 82,
        "is_secret": false
      },
      {
        "type": "Secret Keyword",
        "filename": "internal/services/llm/client.go",
        "hashed_secret": "6eb7b01618d566e6de11a8cebc672fc1de0cef1d",
        "is_verified": false,
        "line_number": 111,
        "is_secret": false
      }
    ],
    "internal/sockets/messagery/rabbitmq.go": [
      {
        "type": "Secret Keyword",
        "filename": "internal/sockets/messagery/rabbitmq.go",
        "hashed_secret": "4a3780f21fb7e288a166dcfb0565a3488324cd68",
        "is_verified": false,
        "line_number": 360,
        "is_secret": false
      },
      {
        "type": "Basic Auth Credentials",
        "filename": "internal/sockets/messagery/rabbitmq.go",
        "hashed_secret": "347cd9c53ff77d41a7b22aa56c7b4efaf54658e3",
        "is_verified": false,
        "line_number": 372,
        "is_secret": false
      }
    ]
  },
  "generated_at": "2025-10-22T01:29:09Z"
}
